// Jest Snapshot v1, https://goo.gl/fbAQLP

exports[`Home renders homepage unchanged 1`] = `
<div>
  <main
    class="flex min-h-screen flex-col items-center justify-between p-24"
  >
    <h1>
      Hello world!
    </h1>
  </main>
</div>
`;
